MO dmem NULL dmem.v vlg5F/dmem.bin 1571585772
MO Decoder NULL Decoder.v vlg62/_decoder.bin 1571585772
MO icon NULL ipcore_dir/icon.v vlg09/icon.bin 1571585772
MO imem NULL imem.v vlg50/imem.bin 1571585772
MO top NULL top.v vlg6F/top.bin 1571585772
MO Regfile NULL Regfile.v vlg52/_regfile.bin 1571585772
MO SingleCycleCPU NULL CPU.v vlg02/_single_cycle_c_p_u.bin 1571585772
MO vio NULL ipcore_dir/vio.v vlg02/vio.bin 1571585772
MO ALU NULL ALU.v vlg2A/_a_l_u.bin 1571585772
